// Jest Snapshot v1, https://goo.gl/fbAQLP

exports[`icon 是个 div 1`] = `
<svg
  className="puck-icon"
>
  <use
    xlinkHref="#alipay"
  />
</svg>
`;
